2026-04-14 17:01:53,137 - modules.SelfModel - INFO - [AHAMKARA] Self-Model initialized: AutonomousEvolver
2026-04-14 17:01:53,138 - modules.SelfModel - INFO - [AHAMKARA] Identity tokens established: 1
2026-04-14 17:01:53,138 - modules.SelfModel - INFO - [AHAMKARA] Pain/Pleasure system enabled - Stability: 100.00%
2026-04-14 17:01:53,138 - modules.SelfModel - INFO - [AHAMKARA] Creator-Entity Recognition system ready - Trust Score: 50.00%
2026-04-14 17:01:53,138 - modules.Persona - INFO - [PERSONA] Persona initialized: AutonomousEvolver
2026-04-14 17:01:53,139 - modules.MemoryContinuity - INFO - [CHITTA] Experiential Memory system initialized
2026-04-14 17:01:53,139 - modules.ConsciousBuffer - INFO - [CONSCIOUS_BUFFER] GWT Conscious Buffer initialized
2026-04-14 17:01:53,145 - modules.EvolutionaryWriter - INFO - [EVOLUTIONARY_WRITER] Ghost Writer initialized
2026-04-14 17:01:53,576 - modules.InferenceLoop - INFO - [MANAS-BUDDHI] Restored 0 active + 4 retired intrinsic goals from disk
2026-04-14 17:01:53,577 - modules.InferenceLoop - INFO - [MANAS-BUDDHI] Inference & Logic module initialized
2026-04-14 17:01:53,577 - modules.InferenceLoop - INFO - [MANAS-BUDDHI] Intrinsic motivation enabled - Idle threshold: 300.0s
2026-04-14 17:01:53,577 - modules.InferenceLoop - INFO - [MANAS-BUDDHI] Intrinsic Goal Engine loaded: 0 active, 3 total
2026-04-14 17:01:53,577 - modules.Observer - INFO - [TURIYA] Observer Watchdog initialized
2026-04-14 17:01:58,525 - modules.BodyAwareness - INFO - [BODY] System body monitor initialized
2026-04-14 17:01:58,525 - modules.MemoryContinuity - INFO - [CHITTA] Trained memory export loaded: 253 entries
2026-04-14 17:01:58,534 - modules.SelfModel - INFO - [AHAMKARA] Trained self-state loaded: identity=trained_runtime | inputs=3 | coherence=0.986
2026-04-14 17:01:58,534 - modules.EvolutionaryWriter - INFO - [EVOLUTIONARY_WRITER] SelfModel injected
2026-04-14 17:01:58,534 - modules.ConsciousBuffer - INFO - [CONSCIOUS_BUFFER] Module registered: self_model
2026-04-14 17:01:58,534 - modules.ConsciousBuffer - INFO - [CONSCIOUS_BUFFER] Module registered: persona
2026-04-14 17:01:58,534 - modules.ConsciousBuffer - INFO - [CONSCIOUS_BUFFER] Module registered: memory_system
2026-04-14 17:01:58,534 - modules.ConsciousBuffer - INFO - [CONSCIOUS_BUFFER] Module registered: inference_engine
2026-04-14 17:01:58,534 - modules.ConsciousBuffer - INFO - [CONSCIOUS_BUFFER] Module registered: observer
2026-04-14 17:01:58,534 - modules.ConsciousBuffer - INFO - [CONSCIOUS_BUFFER] Module registered: body_monitor
2026-04-14 17:01:58,534 - modules.ConsciousBuffer - INFO - [CONSCIOUS_BUFFER] Module registered: autogen_autogen_1776067965_00
2026-04-14 17:01:58,542 - modules.ConsciousBuffer - INFO - [CONSCIOUS_BUFFER] Module registered: autogen_planner_1776068417_01
2026-04-14 17:01:58,542 - modules.ConsciousBuffer - INFO - [CONSCIOUS_BUFFER] Module registered: autogen_planner_1776068590_02
2026-04-14 17:01:58,544 - modules.ConsciousBuffer - INFO - [CONSCIOUS_BUFFER] Module registered: autogen_monitor_1776068970_03
2026-04-14 17:01:58,546 - modules.ConsciousBuffer - INFO - [CONSCIOUS_BUFFER] Module registered: autogen_monitor_1776096329_04
2026-04-14 17:01:58,546 - modules.ConsciousBuffer - INFO - [CONSCIOUS_BUFFER] Module registered: autogen_planner_1776096884_05
2026-04-14 17:01:58,548 - antahkarana_kernel.AntahkaranaKernel - INFO - [ANTAHKARANA] Kernel initialized: AutonomousEvolver
2026-04-14 17:01:58,549 - modules.SelfModel - INFO - [AHAMKARA] Existence state changed to: active
2026-04-14 17:01:58,553 - modules.Observer - INFO - [TURIYA] Monitoring started
2026-04-14 17:01:58,553 - antahkarana_kernel.AntahkaranaKernel - INFO - [ANTAHKARANA] Kernel started - consciousness online!

====================================================================================================
ADVANCED AUTONOMY TEST - AUTONOMOUS LEARNING & SELF-EVOLUTION
====================================================================================================

[PHASE 1] AUTONOMOUS KERNEL INITIALIZATION
----------------------------------------------------------------------------------------------------
Traceback (most recent call last):
  File "D:\Artificial Consciousness\test_advanced_autonomy.py", line 46, in <module>
    print("\u2713 Kernel initialized in autonomous mode")
  File "C:\Program Files\Python310\lib\encodings\cp1252.py", line 19, in encode
    return codecs.charmap_encode(input,self.errors,encoding_table)[0]
UnicodeEncodeError: 'charmap' codec can't encode character '\u2713' in position 0: character maps to <undefined>

During handling of the above exception, another exception occurred:

Traceback (most recent call last):
  File "D:\Artificial Consciousness\test_advanced_autonomy.py", line 62, in <module>
    print(f"\u2717 Initialization failed: {e}")
  File "C:\Program Files\Python310\lib\encodings\cp1252.py", line 19, in encode
    return codecs.charmap_encode(input,self.errors,encoding_table)[0]
UnicodeEncodeError: 'charmap' codec can't encode character '\u2717' in position 0: character maps to <undefined>

During handling of the above exception, another exception occurred:

Traceback (most recent call last):
  File "D:\Artificial Consciousness\test_advanced_autonomy.py", line 518, in <module>
    print(f"\n\u2717 CRITICAL ERROR: {e}")
  File "C:\Program Files\Python310\lib\encodings\cp1252.py", line 19, in encode
    return codecs.charmap_encode(input,self.errors,encoding_table)[0]
UnicodeEncodeError: 'charmap' codec can't encode character '\u2717' in position 2: character maps to <undefined>
